H:\FYP_material\FINAL_final_pd\performance evaluation\final\positives with results and code\cow_detect_image_neg.py
H:\FYP_material\FINAL_final_pd\all codes\buzzer_code_works.py
H:\FYP_material\FINAL_final_pd\all codes\cow_detect_image_beep.py
H:\FYP_material\FINAL_final_pd\performance evaluation\final\positives with results and code\cow_detect_image_pos.py
H:\FYP_material\FINAL_final_pd\all codes\cow_detect_video_nobuzzer.py
H:\FYP_material\FINAL_final_pd\all codes\cow_detect_video_buzzer.py
H:\FYP_material\FINAL_final_pd\all codes\rename.py
H:\FYP_material\FINAL_final_pd\all codes\haarCascade_face_eye.py
H:\FYP_material\FINAL_final_pd\all codes\cow_detect_image_nobuzzer.py
H:\FYP_material\FINAL_final_pd\all codes\cow_detect_image_buzzer.py
H:\FYP_material\FINAL_final_pd\cow detect\cow_detect_video_nobuzzer.py
H:\FYP_material\FINAL_final_pd\cow detect\cow_detect_image_beep.py
H:\FYP_material\review_material\profile_67_SUPERIMPORTANT\profile_67\cow_detect_video_test.py
H:\FYP_material\review_material\Face\Face\haarCascade_face_eye.py
H:\FYP_material\review_material\playsavedvid.py
C:\Users\Lenovo\Desktop\Beta_V01_fyp.py
H:\FYP_material\cow_detect_image.py
H:\FYP_material\support_material\animal-tracking-master\track.py
H:\FYP_material\deeplearning-experiments-master\deeplearning-experiments-master\cow_detector\classify.py
H:\FYP_material\scikit-image-0.13.1\scikit-image-0.13.1\doc\tools\apigen.py
H:\FYP_material\scikit-image-0.13.1\scikit-image-0.13.1\skimage\setup.py
